[2024-05-29T12:08:00.133+0900][gc,init] CardTable entry size: 512
[2024-05-29T12:08:00.133+0900][gc     ] Using G1
[2024-05-29T12:08:00.134+0900][gc,init] Version: 21.0.1+12-LTS-29 (release)
[2024-05-29T12:08:00.134+0900][gc,init] CPUs: 8 total, 8 available
[2024-05-29T12:08:00.134+0900][gc,init] Memory: 16384M
[2024-05-29T12:08:00.134+0900][gc,init] Large Page Support: Disabled
[2024-05-29T12:08:00.134+0900][gc,init] NUMA Support: Disabled
[2024-05-29T12:08:00.134+0900][gc,init] Compressed Oops: Enabled (Zero based)
[2024-05-29T12:08:00.134+0900][gc,init] Heap Region Size: 1M
[2024-05-29T12:08:00.134+0900][gc,init] Heap Min Capacity: 1G
[2024-05-29T12:08:00.134+0900][gc,init] Heap Initial Capacity: 1G
[2024-05-29T12:08:00.134+0900][gc,init] Heap Max Capacity: 1G
[2024-05-29T12:08:00.134+0900][gc,init] Pre-touch: Disabled
[2024-05-29T12:08:00.134+0900][gc,init] Parallel Workers: 8
[2024-05-29T12:08:00.134+0900][gc,init] Concurrent Workers: 2
[2024-05-29T12:08:00.134+0900][gc,init] Concurrent Refinement Workers: 8
[2024-05-29T12:08:00.134+0900][gc,init] Periodic GC: Disabled
[2024-05-29T12:08:00.137+0900][gc,metaspace] CDS archive(s) mapped at: [0x000000f000000000-0x000000f000ca4000-0x000000f000ca4000), size 13254656, SharedBaseAddress: 0x000000f000000000, ArchiveRelocationMode: 1.
[2024-05-29T12:08:00.137+0900][gc,metaspace] Compressed class space mapped at: 0x000000f001000000-0x000000f041000000, reserved size: 1073741824
[2024-05-29T12:08:00.137+0900][gc,metaspace] Narrow klass base: 0x000000f000000000, Narrow klass shift: 0, Narrow klass range: 0x100000000
[2024-05-29T12:08:00.410+0900][gc,heap,exit] Heap
[2024-05-29T12:08:00.410+0900][gc,heap,exit]  garbage-first heap   total 1048576K, used 28687K [0x00000007c0000000, 0x0000000800000000)
[2024-05-29T12:08:00.410+0900][gc,heap,exit]   region size 1024K, 28 young (28672K), 0 survivors (0K)
[2024-05-29T12:08:00.410+0900][gc,heap,exit]  Metaspace       used 10111K, committed 10304K, reserved 1114112K
[2024-05-29T12:08:00.410+0900][gc,heap,exit]   class space    used 1170K, committed 1280K, reserved 1048576K
