[2024-05-29T12:00:18.005+0900][gc,init] CardTable entry size: 512
[2024-05-29T12:00:18.005+0900][gc     ] Using G1
[2024-05-29T12:00:18.006+0900][gc,init] Version: 21.0.1+12-LTS-29 (release)
[2024-05-29T12:00:18.006+0900][gc,init] CPUs: 8 total, 8 available
[2024-05-29T12:00:18.006+0900][gc,init] Memory: 16384M
[2024-05-29T12:00:18.006+0900][gc,init] Large Page Support: Disabled
[2024-05-29T12:00:18.006+0900][gc,init] NUMA Support: Disabled
[2024-05-29T12:00:18.006+0900][gc,init] Compressed Oops: Enabled (Zero based)
[2024-05-29T12:00:18.006+0900][gc,init] Heap Region Size: 1M
[2024-05-29T12:00:18.006+0900][gc,init] Heap Min Capacity: 512M
[2024-05-29T12:00:18.006+0900][gc,init] Heap Initial Capacity: 512M
[2024-05-29T12:00:18.006+0900][gc,init] Heap Max Capacity: 512M
[2024-05-29T12:00:18.006+0900][gc,init] Pre-touch: Disabled
[2024-05-29T12:00:18.006+0900][gc,init] Parallel Workers: 8
[2024-05-29T12:00:18.006+0900][gc,init] Concurrent Workers: 2
[2024-05-29T12:00:18.006+0900][gc,init] Concurrent Refinement Workers: 8
[2024-05-29T12:00:18.006+0900][gc,init] Periodic GC: Disabled
[2024-05-29T12:00:18.009+0900][gc,metaspace] CDS archive(s) mapped at: [0x0000000500000000-0x0000000500ca4000-0x0000000500ca4000), size 13254656, SharedBaseAddress: 0x0000000500000000, ArchiveRelocationMode: 1.
[2024-05-29T12:00:18.009+0900][gc,metaspace] Compressed class space mapped at: 0x0000000501000000-0x0000000541000000, reserved size: 1073741824
[2024-05-29T12:00:18.009+0900][gc,metaspace] Narrow klass base: 0x0000000500000000, Narrow klass shift: 0, Narrow klass range: 0x100000000
[2024-05-29T12:00:18.254+0900][gc,heap,exit] Heap
[2024-05-29T12:00:18.254+0900][gc,heap,exit]  garbage-first heap   total 524288K, used 19469K [0x00000007e0000000, 0x0000000800000000)
[2024-05-29T12:00:18.254+0900][gc,heap,exit]   region size 1024K, 18 young (18432K), 0 survivors (0K)
[2024-05-29T12:00:18.254+0900][gc,heap,exit]  Metaspace       used 6693K, committed 6912K, reserved 1114112K
[2024-05-29T12:00:18.254+0900][gc,heap,exit]   class space    used 715K, committed 832K, reserved 1048576K
